// Jest Snapshot v1, https://goo.gl/fbAQLP

exports[`NotFoundコンポーネント スナップショットテスト 1`] = `
<div>
  
  <h2>
    Not Found
  </h2>
  <p>
    アクセスしたページは存在しません
  </p>
  <div>
    <button>
      ホーム
    </button>
  </div>
  
</div>
`;

exports[`NotFoundビューのテスト スナップショットテスト 1`] = `
<div>
  
  <h2>
    Not Found
  </h2>
  <p>
    アクセスしたページは存在しません
  </p>
  <div>
    <button>
      ホーム
    </button>
  </div>
  
</div>
`;
